
Bijay@DESKTOP-4LGBUB8 MINGW64 /d/GitTest
$ mkdir Programfolder

Bijay@DESKTOP-4LGBUB8 MINGW64 /d/GitTest
$ cd Programfolder

Bijay@DESKTOP-4LGBUB8 MINGW64 /d/GitTest/Programfolder
$ git status
fatal: not a git repository (or any of the parent directories): .git

Bijay@DESKTOP-4LGBUB8 MINGW64 /d/GitTest/Programfolder
$ git help config

Bijay@DESKTOP-4LGBUB8 MINGW64 /d/GitTest/Programfolder
$ git init
Initialized empty Git repository in D:/GitTest/Programfolder/.git/

Bijay@DESKTOP-4LGBUB8 MINGW64 /d/GitTest/Programfolder (master)
$ git status
On branch master

No commits yet

Untracked files:
  (use "git add <file>..." to include in what will be committed)
        Readme.txt

nothing added to commit but untracked files present (use "git add" to track)

Bijay@DESKTOP-4LGBUB8 MINGW64 /d/GitTest/Programfolder (master)
$ git add Readme.txt

Bijay@DESKTOP-4LGBUB8 MINGW64 /d/GitTest/Programfolder (master)
$ git commit -m "Testing"
[master (root-commit) f1e3c7d] Testing
 1 file changed, 1 insertion(+)
 create mode 100644 Readme.txt

Bijay@DESKTOP-4LGBUB8 MINGW64 /d/GitTest/Programfolder (master)
$ git config --global user.username BijayanandaMohanta

Bijay@DESKTOP-4LGBUB8 MINGW64 /d/GitTest/Programfolder (master)
$ git remote add origin https://github.com/BijayanandaMohanta/Test1.git

Bijay@DESKTOP-4LGBUB8 MINGW64 /d/GitTest/Programfolder (master)
$ git push origin master
Enumerating objects: 3, done.
Counting objects: 100% (3/3), done.
Writing objects: 100% (3/3), 246 bytes | 82.00 KiB/s, done.
Total 3 (delta 0), reused 0 (delta 0), pack-reused 0
To https://github.com/BijayanandaMohanta/Test1.git
 * [new branch]      master -> master

Bijay@DESKTOP-4LGBUB8 MINGW64 /d/GitTest/Programfolder (master)
$ git init
Reinitialized existing Git repository in D:/GitTest/Programfolder/.git/

Bijay@DESKTOP-4LGBUB8 MINGW64 /d/GitTest/Programfolder (master)
$ git add .

Bijay@DESKTOP-4LGBUB8 MINGW64 /d/GitTest/Programfolder (master)
$ git status
On branch master
Your branch is up to date with 'origin/master'.

Changes to be committed:
  (use "git restore --staged <file>..." to unstage)
        new file:   Update.txt


Bijay@DESKTOP-4LGBUB8 MINGW64 /d/GitTest/Programfolder (master)
$ git commit -m "Update content"
[master 977ec90] Update content
 1 file changed, 1 insertion(+)
 create mode 100644 Update.txt

Bijay@DESKTOP-4LGBUB8 MINGW64 /d/GitTest/Programfolder (master)
$ git push origin master
Enumerating objects: 4, done.
Counting objects: 100% (4/4), done.
Delta compression using up to 4 threads
Compressing objects: 100% (2/2), done.
Writing objects: 100% (3/3), 311 bytes | 311.00 KiB/s, done.
Total 3 (delta 0), reused 0 (delta 0), pack-reused 0
To https://github.com/BijayanandaMohanta/Test1.git
   f1e3c7d..977ec90  master -> master

Bijay@DESKTOP-4LGBUB8 MINGW64 /d/GitTest/Programfolder (master)
$
